{u'name': u'ODEON BFI IMAX', u'chain_id': u's211', u'times': {u'Lord Of The Rings Trilogy': [u'f14152', {u'Sat 29/09': [[u'23:59', u'/fanatic/booking-interactive/s211/pA0100000023WXAZMLB/']]}], u'The Met Opera - Les Troyens': [u'f14071', {}], u'The Met Opera - Un Ballo In Maschera': [u'f14069', {}], u'The Met Opera - Giulio Cesare': [u'f14076', {}], u"The Met Opera - L'Elisir d'Amore": [u'f14065', {}], u'Raiders Of The Lost Ark IMAX': [u'f100433', {}], u'The Met Opera - Francesca Da Rimini': [u'f14075', {}], u'Born To Be Wild IMAX 3D': [u'f13529', {}], u'The Met Opera - The Tempest': [u'f14067', {}], u'The Met Opera - La Clemenzia Di Tito': [u'f14068', {}], u'The Met Opera - Otello': [u'f14066', {}], u'The Met Opera - Rigoletto': [u'f14073', {}], u'Under The Sea IMAX 3D': [u'f11794', {}], u'The Met Opera - Maria Stuarda': [u'f14072', {}], u'The Met Opera - Parsifal': [u'f14074', {}], u'The Met Opera - Aida': [u'f14070', {}], u'The Dark Knight Rises IMAX': [u'f100364', {}]}, u'address': u'Waterloo, London, United Kingdom, London, United Kingdom', u'lat': 51.50176, u'lng': -0.109439}
u'Sat 29/09'